../Core/Src/main.c:97:5:main	56	static
../Core/Src/main.c:199:6:SystemClock_Config	88	static
../Core/Src/main.c:250:6:HAL_TIM_PeriodElapsedCallback	24	static
../Core/Src/main.c:279:6:HAL_ADC_ConvCpltCallback	16	static
../Core/Src/main.c:284:6:ADC_Average_Measurement_Calculator	24	static
../Core/Src/main.c:313:7:PT500_Real_Temperature_Value_Calculation	32	static
../Core/Src/main.c:328:7:Voltage_Conversion	16	static
../Core/Src/main.c:338:7:Current_Conversion	16	static
../Core/Src/main.c:350:6:Temperature_Fail_Check	8	static
../Core/Src/main.c:370:6:Short_Circuit_Check	8	static
../Core/Src/main.c:395:6:Error_Handler	4	static,ignoring_inline_asm
